
> clothing-store@0.1.0 typecheck
> tsc --noEmit -p tsconfig.app.json

src/components/BackupManager.tsx(2,30): error TS6133: 'Upload' is declared but its value is never read.
src/components/BackupManager.tsx(2,83): error TS6133: 'Trash2' is declared but its value is never read.
src/components/BackupManager.tsx(2,91): error TS6133: 'RefreshCw' is declared but its value is never read.
src/components/CashRegisterDashboard.tsx(32,11): error TS6196: 'Order' is declared but never used.
src/components/CashRegisterDashboard.tsx(79,10): error TS6133: 'withdrawals' is declared but its value is never read.
src/components/CashRegisterDashboard.tsx(666,9): error TS6133: 'printSessionReport' is declared but its value is never read.
src/components/CategoryManager.tsx(2,10): error TS6133: 'PlusCircle' is declared but its value is never read.
src/components/EmployeeTimeTracking.tsx(6,51): error TS6133: 'Download' is declared but its value is never read.
src/components/EmployeeTimeTracking.tsx(57,9): error TS6133: 'profile' is declared but its value is never read.
src/components/EmployeeTimeTracking.tsx(340,11): error TS2322: Type 'number' is not assignable to type 'string'.
src/components/EmployeeTimeTracking.tsx(342,11): error TS2322: Type 'number' is not assignable to type 'string'.
src/components/ExpenseManager.tsx(2,16): error TS6133: 'Filter' is declared but its value is never read.
src/components/LoadingSpinner.tsx(17,9): error TS6133: 'dotColors' is declared but its value is never read.
src/components/Navigation.tsx(1,193): error TS6133: 'Grid3x3' is declared but its value is never read.
src/components/Navigation.tsx(1,202): error TS6133: 'User' is declared but its value is never read.
src/components/OnlineStatusToggle.tsx(1,8): error TS6133: 'React' is declared but its value is never read.
src/components/OrdersDashboard.tsx(5,94): error TS6133: 'Play' is declared but its value is never read.
src/components/OrdersDashboard.tsx(9,1): error TS6133: 'LoadingSpinner' is declared but its value is never read.
src/components/OrdersDashboard.tsx(84,26): error TS6133: 'setSelectedUserId' is declared but its value is never read.
src/components/OrdersDashboard.tsx(85,10): error TS6133: 'employees' is declared but its value is never read.
src/components/OrdersDashboard.tsx(86,26): error TS6133: 'setShowLatestOnly' is declared but its value is never read.
src/components/OrdersDashboard.tsx(88,28): error TS6133: 'setSelectedCashType' is declared but its value is never read.
src/components/OrdersDashboard.tsx(89,30): error TS6133: 'setSelectedCashUserId' is declared but its value is never read.
src/components/OrdersDashboard.tsx(90,33): error TS6133: 'setSelectedCashDateRange' is declared but its value is never read.
src/components/OrdersDashboard.tsx(96,10): error TS6133: 'deleteLoading' is declared but its value is never read.
src/components/OrdersDashboard.tsx(589,9): error TS6133: 'filteredCashEvents' is declared but its value is never read.
src/components/OrdersDashboard.tsx(616,9): error TS6133: 'totals' is declared but its value is never read.
src/components/OrdersDashboard.tsx(628,9): error TS6133: 'getStatusColor' is declared but its value is never read.
src/components/POS.tsx(8,10): error TS6133: 'Shirt' is declared but its value is never read.
src/components/POS.tsx(8,86): error TS6133: 'Receipt' is declared but its value is never read.
src/components/POS.tsx(8,95): error TS6133: 'LogOut' is declared but its value is never read.
src/components/POS.tsx(62,10): error TS6133: 'canConfirmOrder' is declared but its value is never read.
src/components/POS.tsx(373,47): error TS2339: Property 'barcode' does not exist on type 'Product'.
src/components/UserManager.tsx(2,47): error TS6133: 'Shield' is declared but its value is never read.
src/components/UserManager.tsx(57,20): error TS2345: Argument of type '{ id: any; full_name: any; role: any; phone: any; active: any; created_at: any; email: any; deleted_at: any; }[]' is not assignable to parameter of type 'SetStateAction<EmployeeProfile[]>'.
  Type '{ id: any; full_name: any; role: any; phone: any; active: any; created_at: any; email: any; deleted_at: any; }[]' is not assignable to type 'EmployeeProfile[]'.
    Property 'updated_at' is missing in type '{ id: any; full_name: any; role: any; phone: any; active: any; created_at: any; email: any; deleted_at: any; }' but required in type 'EmployeeProfile'.
src/main.tsx(2,28): error TS2307: Cannot find module 'virtual:pwa-register' or its corresponding type declarations.
src/main.tsx(7,7): error TS6133: 'updateSW' is declared but its value is never read.
src/main.tsx(14,16): error TS7006: Parameter 'r' implicitly has an 'any' type.
src/main.tsx(17,19): error TS7006: Parameter 'error' implicitly has an 'any' type.
